Could not find the file: E:\Projects\cs61c\fa20-proj3-starter\tests\part_b\custom\inputs/sll.s
